[2026-02-04 16:53:02,525] INFO [api.views.weather_views] ✅ ISO_3166-2 loaded successfully (249 countries)
[2026-02-04 16:53:02,715] INFO [api.views.weather_views] ✅ WorldCities loaded successfully (48060 cities)
[2026-02-04 16:53:03,792] INFO [cron.expire_premium] Expired users matched: 0
[2026-02-04 16:53:03,792] INFO [cron.expire_premium] No expired users found.
Expired users matched: 0
No expired users found.
[2026-02-04 17:00:02,567] INFO [api.views.weather_views] ✅ ISO_3166-2 loaded successfully (249 countries)
[2026-02-04 17:00:02,741] INFO [api.views.weather_views] ✅ WorldCities loaded successfully (48060 cities)
[2026-02-04 17:00:03,757] INFO [cron.expire_premium] Expired users matched: 2
[2026-02-04 17:00:03,759] INFO [cron.expire_premium] Matched: 2, Modified: 2
Expired users matched: 2
Matched: 2, Modified: 2
[2026-02-04 17:09:20,701] INFO [cron.expire_premium] Expired users matched: 1
[2026-02-04 17:09:20,718] INFO [cron.expire_premium] Matched: 1, Modified: 1
[2026-02-04 17:29:01,783] INFO [api.views.weather_views] ✅ ISO_3166-2 loaded successfully (249 countries)
[2026-02-04 17:29:01,966] INFO [api.views.weather_views] ✅ WorldCities loaded successfully (48060 cities)
[2026-02-04 17:29:02,939] INFO [cron.expire_premium] Expired users matched: 1
[2026-02-04 17:29:02,940] INFO [cron.expire_premium] Matched: 1, Modified: 1
Expired users matched: 1
Matched: 1, Modified: 1
[2026-02-04 17:32:33,610] INFO [cron.expire_premium] Expired users matched: 1
[2026-02-04 17:32:33,611] INFO [cron.expire_premium] Matched: 1, Modified: 1
